<?xml version="1.0" encoding="UTF-8"?>
<testsuites>
  <testsuite name="/var/www/html/tests/Unit" tests="39" assertions="117" errors="0" warnings="0" failures="0" skipped="0" time="0.029619">
    <testsuite name="Tests\Unit\Core\Invoice\Application\Command\CreateInvoice\CreateInvoiceHandlerTest" file="/var/www/html/tests/Unit/Core/Invoice/Application/Command/CreateInvoice/CreateInvoiceHandlerTest.php" tests="3" assertions="15" errors="0" warnings="0" failures="0" skipped="0" time="0.018054">
      <testcase name="testShouldCreateInvoiceForActiveUser" class="Tests\Unit\Core\Invoice\Application\Command\CreateInvoice\CreateInvoiceHandlerTest" classname="Tests.Unit.Core.Invoice.Application.Command.CreateInvoice.CreateInvoiceHandlerTest" file="/var/www/html/tests/Unit/Core/Invoice/Application/Command/CreateInvoice/CreateInvoiceHandlerTest.php" line="41" assertions="3" time="0.016568"/>
      <testcase name="testShouldThrowExceptionForInactiveUser" class="Tests\Unit\Core\Invoice\Application\Command\CreateInvoice\CreateInvoiceHandlerTest" classname="Tests.Unit.Core.Invoice.Application.Command.CreateInvoice.CreateInvoiceHandlerTest" file="/var/www/html/tests/Unit/Core/Invoice/Application/Command/CreateInvoice/CreateInvoiceHandlerTest.php" line="80" assertions="6" time="0.001391"/>
      <testcase name="testShouldThrowExceptionForRateLimitExceeded" class="Tests\Unit\Core\Invoice\Application\Command\CreateInvoice\CreateInvoiceHandlerTest" classname="Tests.Unit.Core.Invoice.Application.Command.CreateInvoice.CreateInvoiceHandlerTest" file="/var/www/html/tests/Unit/Core/Invoice/Application/Command/CreateInvoice/CreateInvoiceHandlerTest.php" line="121" assertions="6" time="0.000095"/>
    </testsuite>
    <testsuite name="Tests\Unit\Core\Invoice\Application\EventListener\SendEmailInvoiceCreatedEventSubscriberListenerTest" file="/var/www/html/tests/Unit/Core/Invoice/Application/EventListener/SendEmailInvoiceCreatedEventSubscriberListenerTest.php" tests="3" assertions="8" errors="0" warnings="0" failures="0" skipped="0" time="0.002349">
      <testcase name="testShouldSendEmailWhenInvoiceCreated" class="Tests\Unit\Core\Invoice\Application\EventListener\SendEmailInvoiceCreatedEventSubscriberListenerTest" classname="Tests.Unit.Core.Invoice.Application.EventListener.SendEmailInvoiceCreatedEventSubscriberListenerTest" file="/var/www/html/tests/Unit/Core/Invoice/Application/EventListener/SendEmailInvoiceCreatedEventSubscriberListenerTest.php" line="29" assertions="3" time="0.001921"/>
      <testcase name="testShouldSubscribeToInvoiceCreatedEvent" class="Tests\Unit\Core\Invoice\Application\EventListener\SendEmailInvoiceCreatedEventSubscriberListenerTest" classname="Tests.Unit.Core.Invoice.Application.EventListener.SendEmailInvoiceCreatedEventSubscriberListenerTest" file="/var/www/html/tests/Unit/Core/Invoice/Application/EventListener/SendEmailInvoiceCreatedEventSubscriberListenerTest.php" line="64" assertions="2" time="0.000338"/>
      <testcase name="testShouldSendEmailWithDifferentInvoice" class="Tests\Unit\Core\Invoice\Application\EventListener\SendEmailInvoiceCreatedEventSubscriberListenerTest" classname="Tests.Unit.Core.Invoice.Application.EventListener.SendEmailInvoiceCreatedEventSubscriberListenerTest" file="/var/www/html/tests/Unit/Core/Invoice/Application/EventListener/SendEmailInvoiceCreatedEventSubscriberListenerTest.php" line="74" assertions="3" time="0.000089"/>
    </testsuite>
    <testsuite name="Tests\Unit\Core\Invoice\Application\Query\GetInvoicesByStatusAndAmountGreater\GetInvoicesByStatusAndAmountGreaterHandlerTest" file="/var/www/html/tests/Unit/Core/Invoice/Application/Query/GetInvoicesByStatusAndAmountGreater/GetInvoicesByStatusAndAmountGreaterHandlerTest.php" tests="3" assertions="15" errors="0" warnings="0" failures="0" skipped="0" time="0.001506">
      <testcase name="testShouldReturnInvoicesForGivenStatusAndAmount" class="Tests\Unit\Core\Invoice\Application\Query\GetInvoicesByStatusAndAmountGreater\GetInvoicesByStatusAndAmountGreaterHandlerTest" classname="Tests.Unit.Core.Invoice.Application.Query.GetInvoicesByStatusAndAmountGreater.GetInvoicesByStatusAndAmountGreaterHandlerTest" file="/var/www/html/tests/Unit/Core/Invoice/Application/Query/GetInvoicesByStatusAndAmountGreater/GetInvoicesByStatusAndAmountGreaterHandlerTest.php" line="28" assertions="10" time="0.000935"/>
      <testcase name="testShouldReturnEmptyArrayWhenNoInvoicesFound" class="Tests\Unit\Core\Invoice\Application\Query\GetInvoicesByStatusAndAmountGreater\GetInvoicesByStatusAndAmountGreaterHandlerTest" classname="Tests.Unit.Core.Invoice.Application.Query.GetInvoicesByStatusAndAmountGreater.GetInvoicesByStatusAndAmountGreaterHandlerTest" file="/var/www/html/tests/Unit/Core/Invoice/Application/Query/GetInvoicesByStatusAndAmountGreater/GetInvoicesByStatusAndAmountGreaterHandlerTest.php" line="74" assertions="2" time="0.000481"/>
      <testcase name="testShouldHandleNullInvoiceId" class="Tests\Unit\Core\Invoice\Application\Query\GetInvoicesByStatusAndAmountGreater\GetInvoicesByStatusAndAmountGreaterHandlerTest" classname="Tests.Unit.Core.Invoice.Application.Query.GetInvoicesByStatusAndAmountGreater.GetInvoicesByStatusAndAmountGreaterHandlerTest" file="/var/www/html/tests/Unit/Core/Invoice/Application/Query/GetInvoicesByStatusAndAmountGreater/GetInvoicesByStatusAndAmountGreaterHandlerTest.php" line="94" assertions="3" time="0.000091"/>
    </testsuite>
    <testsuite name="Tests\Unit\Core\Invoice\Domain\InvoiceTest" file="/var/www/html/tests/Unit/Core/Invoice/Domain/InvoiceTest.php" tests="7" assertions="19" errors="0" warnings="0" failures="0" skipped="0" time="0.001033">
      <testcase name="testShouldCreateInvoiceWithValidAmount" class="Tests\Unit\Core\Invoice\Domain\InvoiceTest" classname="Tests.Unit.Core.Invoice.Domain.InvoiceTest" file="/var/www/html/tests/Unit/Core/Invoice/Domain/InvoiceTest.php" line="17" assertions="6" time="0.000500"/>
      <testcase name="testShouldThrowExceptionForInvalidAmount" class="Tests\Unit\Core\Invoice\Domain\InvoiceTest" classname="Tests.Unit.Core.Invoice.Domain.InvoiceTest" file="/var/www/html/tests/Unit/Core/Invoice/Domain/InvoiceTest.php" line="37" assertions="2" time="0.000316"/>
      <testcase name="testShouldThrowExceptionForNegativeAmount" class="Tests\Unit\Core\Invoice\Domain\InvoiceTest" classname="Tests.Unit.Core.Invoice.Domain.InvoiceTest" file="/var/www/html/tests/Unit/Core/Invoice/Domain/InvoiceTest.php" line="50" assertions="2" time="0.000019"/>
      <testcase name="testShouldCancelInvoice" class="Tests\Unit\Core\Invoice\Domain\InvoiceTest" classname="Tests.Unit.Core.Invoice.Domain.InvoiceTest" file="/var/www/html/tests/Unit/Core/Invoice/Domain/InvoiceTest.php" line="63" assertions="3" time="0.000139"/>
      <testcase name="testShouldSetId" class="Tests\Unit\Core\Invoice\Domain\InvoiceTest" classname="Tests.Unit.Core.Invoice.Domain.InvoiceTest" file="/var/www/html/tests/Unit/Core/Invoice/Domain/InvoiceTest.php" line="83" assertions="1" time="0.000018"/>
      <testcase name="testShouldPullEvents" class="Tests\Unit\Core\Invoice\Domain\InvoiceTest" classname="Tests.Unit.Core.Invoice.Domain.InvoiceTest" file="/var/www/html/tests/Unit/Core/Invoice/Domain/InvoiceTest.php" line="100" assertions="3" time="0.000023"/>
      <testcase name="testShouldCreateInvoiceWithLargeAmount" class="Tests\Unit\Core\Invoice\Domain\InvoiceTest" classname="Tests.Unit.Core.Invoice.Domain.InvoiceTest" file="/var/www/html/tests/Unit/Core/Invoice/Domain/InvoiceTest.php" line="118" assertions="2" time="0.000018"/>
    </testsuite>
    <testsuite name="Tests\Unit\Core\Invoice\Infrastructure\RateLimiter\InvoiceRateLimiterTest" file="/var/www/html/tests/Unit/Core/Invoice/Infrastructure/RateLimiter/InvoiceRateLimiterTest.php" tests="6" assertions="17" errors="0" warnings="0" failures="0" skipped="0" time="0.003499">
      <testcase name="testShouldAllowInvoiceCreationWhenUnderLimit" class="Tests\Unit\Core\Invoice\Infrastructure\RateLimiter\InvoiceRateLimiterTest" classname="Tests.Unit.Core.Invoice.Infrastructure.RateLimiter.InvoiceRateLimiterTest" file="/var/www/html/tests/Unit/Core/Invoice/Infrastructure/RateLimiter/InvoiceRateLimiterTest.php" line="24" assertions="3" time="0.002820"/>
      <testcase name="testShouldAllowInvoiceCreationForNewUser" class="Tests\Unit\Core\Invoice\Infrastructure\RateLimiter\InvoiceRateLimiterTest" classname="Tests.Unit.Core.Invoice.Infrastructure.RateLimiter.InvoiceRateLimiterTest" file="/var/www/html/tests/Unit/Core/Invoice/Infrastructure/RateLimiter/InvoiceRateLimiterTest.php" line="46" assertions="3" time="0.000079"/>
      <testcase name="testShouldIncrementInvoiceCount" class="Tests\Unit\Core\Invoice\Infrastructure\RateLimiter\InvoiceRateLimiterTest" classname="Tests.Unit.Core.Invoice.Infrastructure.RateLimiter.InvoiceRateLimiterTest" file="/var/www/html/tests/Unit/Core/Invoice/Infrastructure/RateLimiter/InvoiceRateLimiterTest.php" line="68" assertions="3" time="0.000048"/>
      <testcase name="testShouldGetRemainingInvoicesForNewUser" class="Tests\Unit\Core\Invoice\Infrastructure\RateLimiter\InvoiceRateLimiterTest" classname="Tests.Unit.Core.Invoice.Infrastructure.RateLimiter.InvoiceRateLimiterTest" file="/var/www/html/tests/Unit/Core/Invoice/Infrastructure/RateLimiter/InvoiceRateLimiterTest.php" line="91" assertions="3" time="0.000035"/>
      <testcase name="testShouldResetLimit" class="Tests\Unit\Core\Invoice\Infrastructure\RateLimiter\InvoiceRateLimiterTest" classname="Tests.Unit.Core.Invoice.Infrastructure.RateLimiter.InvoiceRateLimiterTest" file="/var/www/html/tests/Unit/Core/Invoice/Infrastructure/RateLimiter/InvoiceRateLimiterTest.php" line="113" assertions="2" time="0.000460"/>
      <testcase name="testShouldHandleNullCount" class="Tests\Unit\Core\Invoice\Infrastructure\RateLimiter\InvoiceRateLimiterTest" classname="Tests.Unit.Core.Invoice.Infrastructure.RateLimiter.InvoiceRateLimiterTest" file="/var/www/html/tests/Unit/Core/Invoice/Infrastructure/RateLimiter/InvoiceRateLimiterTest.php" line="130" assertions="3" time="0.000057"/>
    </testsuite>
    <testsuite name="Tests\Unit\Core\User\Application\Command\ActivateUser\ActivateUserHandlerTest" file="/var/www/html/tests/Unit/Core/User/Application/Command/ActivateUser/ActivateUserHandlerTest.php" tests="3" assertions="9" errors="0" warnings="0" failures="0" skipped="0" time="0.001078">
      <testcase name="testShouldActivateUser" class="Tests\Unit\Core\User\Application\Command\ActivateUser\ActivateUserHandlerTest" classname="Tests.Unit.Core.User.Application.Command.ActivateUser.ActivateUserHandlerTest" file="/var/www/html/tests/Unit/Core/User/Application/Command/ActivateUser/ActivateUserHandlerTest.php" line="26" assertions="3" time="0.000395"/>
      <testcase name="testShouldThrowExceptionWhenUserNotFound" class="Tests\Unit\Core\User\Application\Command\ActivateUser\ActivateUserHandlerTest" classname="Tests.Unit.Core.User.Application.Command.ActivateUser.ActivateUserHandlerTest" file="/var/www/html/tests/Unit/Core/User/Application/Command/ActivateUser/ActivateUserHandlerTest.php" line="57" assertions="3" time="0.000630"/>
      <testcase name="testShouldActivateUserWithDifferentEmail" class="Tests\Unit\Core\User\Application\Command\ActivateUser\ActivateUserHandlerTest" classname="Tests.Unit.Core.User.Application.Command.ActivateUser.ActivateUserHandlerTest" file="/var/www/html/tests/Unit/Core/User/Application/Command/ActivateUser/ActivateUserHandlerTest.php" line="85" assertions="3" time="0.000053"/>
    </testsuite>
    <testsuite name="Tests\Unit\Core\User\Application\Command\CreateUser\CreateUserHandlerTest" file="/var/www/html/tests/Unit/Core/User/Application/Command/CreateUser/CreateUserHandlerTest.php" tests="2" assertions="4" errors="0" warnings="0" failures="0" skipped="0" time="0.000559">
      <testcase name="testShouldCreateUserWithInactiveStatus" class="Tests\Unit\Core\User\Application\Command\CreateUser\CreateUserHandlerTest" classname="Tests.Unit.Core.User.Application.Command.CreateUser.CreateUserHandlerTest" file="/var/www/html/tests/Unit/Core/User/Application/Command/CreateUser/CreateUserHandlerTest.php" line="25" assertions="2" time="0.000526"/>
      <testcase name="testShouldCreateUserWithDifferentEmail" class="Tests\Unit\Core\User\Application\Command\CreateUser\CreateUserHandlerTest" classname="Tests.Unit.Core.User.Application.Command.CreateUser.CreateUserHandlerTest" file="/var/www/html/tests/Unit/Core/User/Application/Command/CreateUser/CreateUserHandlerTest.php" line="49" assertions="2" time="0.000033"/>
    </testsuite>
    <testsuite name="Tests\Unit\Core\User\Application\EventListener\SendEmailUserCreatedEventSubscriberListenerTest" file="/var/www/html/tests/Unit/Core/User/Application/EventListener/SendEmailUserCreatedEventSubscriberListenerTest.php" tests="3" assertions="8" errors="0" warnings="0" failures="0" skipped="0" time="0.000905">
      <testcase name="testShouldSendEmailWhenUserCreated" class="Tests\Unit\Core\User\Application\EventListener\SendEmailUserCreatedEventSubscriberListenerTest" classname="Tests.Unit.Core.User.Application.EventListener.SendEmailUserCreatedEventSubscriberListenerTest" file="/var/www/html/tests/Unit/Core/User/Application/EventListener/SendEmailUserCreatedEventSubscriberListenerTest.php" line="28" assertions="3" time="0.000817"/>
      <testcase name="testShouldSubscribeToUserCreatedEvent" class="Tests\Unit\Core\User\Application\EventListener\SendEmailUserCreatedEventSubscriberListenerTest" classname="Tests.Unit.Core.User.Application.EventListener.SendEmailUserCreatedEventSubscriberListenerTest" file="/var/www/html/tests/Unit/Core/User/Application/EventListener/SendEmailUserCreatedEventSubscriberListenerTest.php" line="60" assertions="2" time="0.000033"/>
      <testcase name="testShouldSendEmailWithDifferentUser" class="Tests\Unit\Core\User\Application\EventListener\SendEmailUserCreatedEventSubscriberListenerTest" classname="Tests.Unit.Core.User.Application.EventListener.SendEmailUserCreatedEventSubscriberListenerTest" file="/var/www/html/tests/Unit/Core/User/Application/EventListener/SendEmailUserCreatedEventSubscriberListenerTest.php" line="70" assertions="3" time="0.000055"/>
    </testsuite>
    <testsuite name="Tests\Unit\Core\User\Application\Query\GetInactiveUsersEmails\GetInactiveUsersEmailsHandlerTest" file="/var/www/html/tests/Unit/Core/User/Application/Query/GetInactiveUsersEmails/GetInactiveUsersEmailsHandlerTest.php" tests="3" assertions="8" errors="0" warnings="0" failures="0" skipped="0" time="0.000285">
      <testcase name="testShouldReturnInactiveUsersEmails" class="Tests\Unit\Core\User\Application\Query\GetInactiveUsersEmails\GetInactiveUsersEmailsHandlerTest" classname="Tests.Unit.Core.User.Application.Query.GetInactiveUsersEmails.GetInactiveUsersEmailsHandlerTest" file="/var/www/html/tests/Unit/Core/User/Application/Query/GetInactiveUsersEmails/GetInactiveUsersEmailsHandlerTest.php" line="24" assertions="3" time="0.000243"/>
      <testcase name="testShouldReturnEmptyArrayWhenNoInactiveUsers" class="Tests\Unit\Core\User\Application\Query\GetInactiveUsersEmails\GetInactiveUsersEmailsHandlerTest" classname="Tests.Unit.Core.User.Application.Query.GetInactiveUsersEmails.GetInactiveUsersEmailsHandlerTest" file="/var/www/html/tests/Unit/Core/User/Application/Query/GetInactiveUsersEmails/GetInactiveUsersEmailsHandlerTest.php" line="43" assertions="2" time="0.000023"/>
      <testcase name="testShouldReturnSingleEmail" class="Tests\Unit\Core\User\Application\Query\GetInactiveUsersEmails\GetInactiveUsersEmailsHandlerTest" classname="Tests.Unit.Core.User.Application.Query.GetInactiveUsersEmails.GetInactiveUsersEmailsHandlerTest" file="/var/www/html/tests/Unit/Core/User/Application/Query/GetInactiveUsersEmails/GetInactiveUsersEmailsHandlerTest.php" line="60" assertions="3" time="0.000020"/>
    </testsuite>
    <testsuite name="Tests\Unit\Core\User\Domain\UserTest" file="/var/www/html/tests/Unit/Core/User/Domain/UserTest.php" tests="6" assertions="14" errors="0" warnings="0" failures="0" skipped="0" time="0.000350">
      <testcase name="testShouldCreateUserWithInactiveStatus" class="Tests\Unit\Core\User\Domain\UserTest" classname="Tests.Unit.Core.User.Domain.UserTest" file="/var/www/html/tests/Unit/Core/User/Domain/UserTest.php" line="13" assertions="5" time="0.000218"/>
      <testcase name="testShouldCreateUserWithActiveStatus" class="Tests\Unit\Core\User\Domain\UserTest" classname="Tests.Unit.Core.User.Domain.UserTest" file="/var/www/html/tests/Unit/Core/User/Domain/UserTest.php" line="31" assertions="3" time="0.000021"/>
      <testcase name="testShouldActivateUser" class="Tests\Unit\Core\User\Domain\UserTest" classname="Tests.Unit.Core.User.Domain.UserTest" file="/var/www/html/tests/Unit/Core/User/Domain/UserTest.php" line="45" assertions="1" time="0.000075"/>
      <testcase name="testShouldDeactivateUser" class="Tests\Unit\Core\User\Domain\UserTest" classname="Tests.Unit.Core.User.Domain.UserTest" file="/var/www/html/tests/Unit/Core/User/Domain/UserTest.php" line="57" assertions="1" time="0.000013"/>
      <testcase name="testShouldPullEvents" class="Tests\Unit\Core\User\Domain\UserTest" classname="Tests.Unit.Core.User.Domain.UserTest" file="/var/www/html/tests/Unit/Core/User/Domain/UserTest.php" line="69" assertions="3" time="0.000014"/>
      <testcase name="testShouldSetId" class="Tests\Unit\Core\User\Domain\UserTest" classname="Tests.Unit.Core.User.Domain.UserTest" file="/var/www/html/tests/Unit/Core/User/Domain/UserTest.php" line="86" assertions="1" time="0.000009"/>
    </testsuite>
  </testsuite>
</testsuites>
